// Jest Snapshot v1, https://goo.gl/fbAQLP

exports[`taxonomy count generation Movie 1`] = `"MATCH (n:\`Movie\`) RETURN count(DISTINCT ID(n)) as count"`;

exports[`taxonomy count generation Person 1`] = `"MATCH (n:\`Person\`) RETURN count(DISTINCT n.name) as count"`;
